// Jest Snapshot v1, https://goo.gl/fbAQLP

exports[`<App /> component renders correctly without crashing 1`] = `ShallowWrapper {}`;

exports[`<App /> component renders welcome without crashing 1`] = `ShallowWrapper {}`;
